Microchip MPLAB XC8 Compiler V2.45

Linker command line:

-W-3 \
  --edf=C:\Program Files\Microchip\xc8\v2.45\pic\dat\20230818022343_en.msgs \
  -cn -h+dist/default/debug\APPLICATION.X.debug.sym \
  --cmf=dist/default/debug\APPLICATION.X.debug.cmf -z -Q18F4620 \
  -oC:\Users\HOSSAM~1\AppData\Local\Temp\xcAscss.\driver_tmp_3.o \
  --defsym=__MPLAB_BUILD=1 --fixupoverflow=error \
  -Mdist/default/debug/APPLICATION.X.debug.map \
  --md=C:\Users\HOSSAM~1\AppData\Local\Temp\xcAscss.\driver_tmp_0.dat -E1 \
  -ver=XC8 Compiler --acfsm=1493 -ACODE=00h-0FFFFh -ACONST=00h-0FFFFh \
  -ASMALLCONST=01000h-010FFhx240 -AMEDIUMCONST=01000h-0FFFFh \
  -ACOMRAM=01h-07Fh -AABS1=00h-0F7Fh -ABIGRAM=01h-0F7Fh \
  -ARAM=080h-0FFh,0100h-01FFhx14,0F00h-0F7Fh -ABANK0=080h-0FFh \
  -ABANK1=0100h-01FFh -ABANK2=0200h-02FFh -ABANK3=0300h-03FFh \
  -ABANK4=0400h-04FFh -ABANK5=0500h-05FFh -ABANK6=0600h-06FFh \
  -ABANK7=0700h-07FFh -ABANK8=0800h-08FFh -ABANK9=0900h-09FFh \
  -ABANK10=0A00h-0AFFh -ABANK11=0B00h-0BFFh -ABANK12=0C00h-0CFFh \
  -ABANK13=0D00h-0DFFh -ABANK14=0E00h-0EFFh -ABANK15=0F00h-0F7Fh \
  -ASFR=0F80h-0FFFh -ABIGSFR=0F80h-0FFFh -ACONFIG=0300000h-030000Dh \
  -AIDLOC=0200000h-0200007h -AEEDATA=0F00000h-0F003FFh -peeprom_data=EEDATA \
  -preset_vec=00h,intcode=08h,intcodelo=018h,powerup,init -pramtop=01000h \
  -psmallconst=SMALLCONST -pmediumconst=MEDIUMCONST -pconst=CONST \
  -AFARRAM=00h-00h \
  -prdata=COMRAM,nvrram=COMRAM,nvbit=COMRAM,rbss=COMRAM,rbit=COMRAM \
  -pfarbss=FARRAM,fardata=FARRAM,nvFARRAM=FARRAM \
  -pintsave_regs=BIGRAM,bigbss=BIGRAM,bigdata=BIGRAM -pbss=RAM \
  -pidata=CODE,irdata=CODE,ibigdata=CODE,ifardata=CODE -prparam=COMRAM \
  C:\Users\HOSSAM~1\AppData\Local\Temp\xcAscss.\driver_tmp_9.o \
  dist/default/debug\APPLICATION.X.debug.o 

Object code version is 3.11

Machine type is 18F4620



                Name                               Link     Load   Length Selector   Space Scale
C:\Users\HOSSAM~1\AppData\Local\Temp\xcAscss.\driver_tmp_9.o
                config                           300000   300000        E        0       4
                init                                 3E       3E        4        C       0
                reset_vec                             0        0        4        0       0
dist/default/debug\APPLICATION.X.debug.o
                intcodelo                            18       18       26        C       0
                intcode                               8        8        6        4       0
                config                           300000   300000        E        0       4
                temp                                 7D       7D        1        1       1
                smallconst                         1000     1000       12      800       0
                intcode_body                       18EC     18EC       26      C23       0
                text17                             16B2     16B2       72      809       0
                text16                             1640     1640       72      809       0
                text15                             1138     1138      11C      809       0
                text14                             1364     1364       F0      809       0
                text13                             1012     1012      126      809       0
                text12                             18C4     18C4       28      C23       0
                text11                             1454     1454       D4      809       0
                text10                             189A     189A       2A      C23       0
                text9                              1870     1870       2A      C23       0
                text8                              1846     1846       2A      C23       0
                text7                              1528     1528       A2      809       0
                text6                              1724     1724       62      809       0
                text5                              1934     1934        2      C23       0
                text4                              192E     192E        6      C23       0
                text3                              1254     1254      110      809       0
                text2                              1786     1786       5E      809       0
                text1                              15CA     15CA       76      809       0
                text0                              1912     1912       1C      C23       0
                cstackCOMRAM                         6E       6E        F        1       1
                cstackBANK0                          80       80        2       80       1
                dataCOMRAM                           43       43       2B        1       1
                bssCOMRAM                             1        1       42        1       1
                cinit                              17E4     17E4       36      809       0
                idataCOMRAM                        181A     181A       2B      809       0

TOTAL           Name                               Link     Load   Length     Space
        CLASS   CODE           
                intcodelo                            18       18       26         0
                intcode                               8        8        6         0
                init                                 3E       3E        4         0
                reset_vec                             0        0        4         0
                intcode_body                       18EC     18EC       26         0
                text17                             16B2     16B2       72         0
                text16                             1640     1640       72         0
                text15                             1138     1138      11C         0
                text14                             1364     1364       F0         0
                text13                             1012     1012      126         0
                text12                             18C4     18C4       28         0
                text11                             1454     1454       D4         0
                text10                             189A     189A       2A         0
                text9                              1870     1870       2A         0
                text8                              1846     1846       2A         0
                text7                              1528     1528       A2         0
                text6                              1724     1724       62         0
                text5                              1934     1934        2         0
                text4                              192E     192E        6         0
                text3                              1254     1254      110         0
                text2                              1786     1786       5E         0
                text1                              15CA     15CA       76         0
                text0                              1912     1912       1C         0
                cinit                              17E4     17E4       36         0
                idataCOMRAM                        181A     181A       2B         0

        CLASS   CONST          

        CLASS   SMALLCONST     
                smallconst                         1000     1000       12         0

        CLASS   MEDIUMCONST    

        CLASS   COMRAM         
                temp                                 7D       7D        1         1
                cstackCOMRAM                         6E       6E        F         1
                dataCOMRAM                           43       43       2B         1
                bssCOMRAM                             1        1       42         1

        CLASS   ABS1           

        CLASS   BIGRAM         

        CLASS   RAM            

        CLASS   BANK0          
                cstackBANK0                          80       80        2         1

        CLASS   BANK1          

        CLASS   BANK2          

        CLASS   BANK3          

        CLASS   BANK4          

        CLASS   BANK5          

        CLASS   BANK6          

        CLASS   BANK7          

        CLASS   BANK8          

        CLASS   BANK9          

        CLASS   BANK10         

        CLASS   BANK11         

        CLASS   BANK12         

        CLASS   BANK13         

        CLASS   BANK14         

        CLASS   BANK15         

        CLASS   SFR            

        CLASS   BIGSFR         

        CLASS   CONFIG         
                config                           300000   300000        E         4

        CLASS   IDLOC          

        CLASS   EEDATA         

        CLASS   FARRAM         

        CLASS   HEAP           

        CLASS   STACK          



SEGMENTS        Name                           Load    Length   Top    Selector   Space  Class

                reset_vec                      000000  000004  000004         0       0  CODE    
                bssCOMRAM                      000001  00007D  00007E         1       1  COMRAM  
                intcode                        000008  000006  00000E         4       0  CODE    
                intcodelo                      000018  00002A  000042         C       0  CODE    
                cstackBANK0                    000080  000002  000082        80       1  BANK0   
                smallconst                     001000  000012  001012       800       0  SMALLCON
                text13                         001012  000833  001845       809       0  CODE    
                text8                          001846  0000F0  001936       C23       0  CODE    


UNUSED ADDRESS RANGES

        Name                Unused          Largest block    Delta
        BANK0            000082-0000FF               7E
        BANK1            000100-0001FF              100
        BANK10           000A00-000AFF              100
        BANK11           000B00-000BFF              100
        BANK12           000C00-000CFF              100
        BANK13           000D00-000DFF              100
        BANK14           000E00-000EFF              100
        BANK15           000F00-000F7F               80
        BANK2            000200-0002FF              100
        BANK3            000300-0003FF              100
        BANK4            000400-0004FF              100
        BANK5            000500-0005FF              100
        BANK6            000600-0006FF              100
        BANK7            000700-0007FF              100
        BANK8            000800-0008FF              100
        BANK9            000900-0009FF              100
        BIGRAM           00007E-00007F                2
                         000082-000F7F              EFE
        BIGSFR           000F80-000FFF               80
        CODE             000004-000007                4
                         00000E-000017                A
                         000042-000FFF              FBE
                         001845-001845                1
                         001936-00FFFF             E6CA
        COMRAM           00007E-00007F                2
        CONST            000004-000007                4
                         00000E-000017                A
                         000042-000FFF              FBE
                         001845-001845                1
                         001936-00FFFF             E6CA
        EEDATA           F00000-F003FF              400
        IDLOC            200000-200007                8
        MEDIUMCONST      001845-001845                1
                         001936-00FFFF             E6CA
        RAM              000082-000F7F              100
        SFR              000F80-000FFF               80
        SMALLCONST       001845-001845                1
                         001936-00FFFF              100

                                  Symbol Table

INT0_SetInterruptHandler@InterruptHandler    cstackCOMRAM 000070
INT0_SetInterruptHandler@ret                 cstackCOMRAM 000072
INT1_SetInterruptHandler@InterruptHandler    cstackCOMRAM 000070
INT1_SetInterruptHandler@ret                 cstackCOMRAM 000072
INT2_SetInterruptHandler@InterruptHandler    cstackCOMRAM 000070
INT2_SetInterruptHandler@ret                 cstackCOMRAM 000072
Interrupt_INTx_Clear_Flag@int_obj            cstackCOMRAM 000070
Interrupt_INTx_Clear_Flag@ret                cstackCOMRAM 000073
Interrupt_INTx_Disable@int_obj               cstackCOMRAM 000070
Interrupt_INTx_Disable@ret                   cstackCOMRAM 000073
Interrupt_INTx_Edge_Init@int_obj             cstackCOMRAM 000070
Interrupt_INTx_Edge_Init@ret                 cstackCOMRAM 000073
Interrupt_INTx_Enable@int_obj                cstackCOMRAM 000070
Interrupt_INTx_Enable@ret                    cstackCOMRAM 000073
Interrupt_INTx_Init@int_obj                  cstackCOMRAM 000079
Interrupt_INTx_Init@ret                      cstackCOMRAM 00007A
Interrupt_INTx_Pin_Init@int_obj              cstackCOMRAM 000077
Interrupt_INTx_Pin_Init@ret                  cstackCOMRAM 000078
Interrupt_INTx_Priority_Init@int_obj         cstackCOMRAM 000070
Interrupt_INTx_Priority_Init@ret             cstackCOMRAM 000073
Interrupt_INTx_SetInterruptHandler@int_obj   cstackCOMRAM 000073
Interrupt_INTx_SetInterruptHandler@ret       cstackCOMRAM 000076
_ADCON0bits                                  (abs)        000FC2
_ADCON1bits                                  (abs)        000FC1
_ADCON2bits                                  (abs)        000FC0
_ADC_InterruptHandler                        bssCOMRAM    000037
_ADRESH                                      (abs)        000FC4
_ADRESL                                      (abs)        000FC3
_BAUDCONbits                                 (abs)        000FB8
_CCP1CONbits                                 (abs)        000FBD
_CCP1_InterruptHandler                       bssCOMRAM    000035
_CCP2CONbits                                 (abs)        000FBA
_CCP2_InterruptHandler                       bssCOMRAM    000033
_CCPR1L                                      (abs)        000FBE
_CCPR2L                                      (abs)        000FBB
_EEADR                                       (abs)        000FA9
_EEADRH                                      (abs)        000FAA
_EECON1bits                                  (abs)        000FA6
_EECON2                                      (abs)        000FA7
_EEDATA                                      (abs)        000FA8
_EUSART_FramingErrorHandler                  bssCOMRAM    000009
_EUSART_OverrunErrorHandler                  bssCOMRAM    000007
_EUSART_RxInterruptHandler                   bssCOMRAM    00000B
_EUSART_TxInterruptHandler                   bssCOMRAM    00000D
_I2C_DefaultInterruptHandle                  bssCOMRAM    000003
_I2C_Report_Receive_Overflow_InterruptHandle bssCOMRAM    000001
_I2C_Report_Write_Collision_InterruptHandler bssCOMRAM    000005
_INT0_InterruptHandler                       bssCOMRAM    000031
_INT0_SetInterruptHandler                    text10       00189A
_INT1_InterruptHandler                       bssCOMRAM    00002F
_INT1_SetInterruptHandler                    text9        001870
_INT2_InterruptHandler                       bssCOMRAM    00002D
_INT2_SetInterruptHandler                    text8        001846
_INTCON2bits                                 (abs)        000FF1
_INTCON3bits                                 (abs)        000FF0
_INTCONbits                                  (abs)        000FF2
_IPR1bits                                    (abs)        000F9F
_IPR2bits                                    (abs)        000FA2
_Int0_ISR                                    (abs)        000000
_InterruptMangerHigh                         intcode      000008
_InterruptMangerLow                          intcodelo    000018
_Interrupt_INTx_Clear_Flag                   text17       0016B2
_Interrupt_INTx_Disable                      text16       001640
_Interrupt_INTx_Edge_Init                    text15       001138
_Interrupt_INTx_Enable                       text14       001364
_Interrupt_INTx_Init                         text6        001724
_Interrupt_INTx_Pin_Init                     text12       0018C4
_Interrupt_INTx_Priority_Init                text11       001454
_Interrupt_INTx_SetInterruptHandler          text7        001528
_LATA                                        (abs)        000F89
_LATB                                        (abs)        000F8A
_LATC                                        (abs)        000F8B
_LATD                                        (abs)        000F8C
_LATE                                        (abs)        000F8D
_PIE1bits                                    (abs)        000F9D
_PIE2bits                                    (abs)        000FA0
_PIR1bits                                    (abs)        000F9E
_PIR2bits                                    (abs)        000FA1
_PORTA                                       (abs)        000F80
_PORTB                                       (abs)        000F81
_PORTC                                       (abs)        000F82
_PORTD                                       (abs)        000F83
_PORTE                                       (abs)        000F84
_PR2                                         (abs)        000FCB
_RB4_Flag                                    dataCOMRAM   000064
_RB4_InterruptHandler_HIGH                   bssCOMRAM    00002B
_RB4_InterruptHandler_LOW                    bssCOMRAM    000029
_RB5_Flag                                    dataCOMRAM   000063
_RB5_InterruptHandler_HIGH                   bssCOMRAM    000027
_RB5_InterruptHandler_LOW                    bssCOMRAM    000025
_RB6_Flag                                    dataCOMRAM   000062
_RB6_InterruptHandler_HIGH                   bssCOMRAM    000023
_RB6_InterruptHandler_LOW                    bssCOMRAM    000021
_RB7_Flag                                    dataCOMRAM   000061
_RB7_InterruptHandler_HIGH                   bssCOMRAM    00001F
_RB7_InterruptHandler_LOW                    bssCOMRAM    00001D
_RCONbits                                    (abs)        000FD0
_RCREG                                       (abs)        000FAE
_RCSTAbits                                   (abs)        000FAB
_SPBRG                                       (abs)        000FAF
_SPBRGH                                      (abs)        000FB0
_SSPADD                                      (abs)        000FC8
_SSPBUF                                      (abs)        000FC9
_SSPCON1bits                                 (abs)        000FC6
_SSPCON2bits                                 (abs)        000FC5
_SSPSTATbits                                 (abs)        000FC7
_T0CONbits                                   (abs)        000FD5
_T1CONbits                                   (abs)        000FCD
_T2CONbits                                   (abs)        000FCA
_T3CONbits                                   (abs)        000FB1
_TMR0H                                       (abs)        000FD7
_TMR0L                                       (abs)        000FD6
_TMR0_InterruptHandler                       bssCOMRAM    00001B
_TMR1H                                       (abs)        000FCF
_TMR1L                                       (abs)        000FCE
_TMR1_InterruptHandler                       bssCOMRAM    000017
_TMR2                                        (abs)        000FCC
_TMR2_InterruptHandler                       bssCOMRAM    000013
_TMR3H                                       (abs)        000FB3
_TMR3L                                       (abs)        000FB2
_TMR3_InterruptHandler                       bssCOMRAM    000011
_TRISA                                       (abs)        000F92
_TRISB                                       (abs)        000F93
_TRISC                                       (abs)        000F94
_TRISCbits                                   (abs)        000F94
_TRISD                                       (abs)        000F95
_TRISE                                       (abs)        000F96
_TXREG                                       (abs)        000FAD
_TXSTAbits                                   (abs)        000FAC
__HRAM                                       (abs)        000000
__H__absolute__                              __absolute__ 000000
__Habs1                                      abs1         000000
__Hbank0                                     bank0        000000
__Hbank1                                     bank1        000000
__Hbank10                                    bank10       000000
__Hbank11                                    bank11       000000
__Hbank12                                    bank12       000000
__Hbank13                                    bank13       000000
__Hbank14                                    bank14       000000
__Hbank15                                    bank15       000000
__Hbank2                                     bank2        000000
__Hbank3                                     bank3        000000
__Hbank4                                     bank4        000000
__Hbank5                                     bank5        000000
__Hbank6                                     bank6        000000
__Hbank7                                     bank7        000000
__Hbank8                                     bank8        000000
__Hbank9                                     bank9        000000
__Hbigbss                                    bigbss       000000
__Hbigdata                                   bigdata      000000
__Hbigram                                    bigram       000000
__Hbigsfr                                    bigsfr       000000
__Hbss                                       bss          000000
__HbssCOMRAM                                 bssCOMRAM    000000
__Hcinit                                     cinit        000000
__Hclrtext                                   clrtext      000000
__Hcomram                                    comram       000000
__Hconfig                                    config       30000E
__Hconst                                     const        000000
__HcstackBANK0                               cstackBANK0  000000
__HcstackCOMRAM                              cstackCOMRAM 000000
__Hdata                                      data         000000
__HdataCOMRAM                                dataCOMRAM   000000
__Heeprom_data                               eeprom_data  000000
__Hfarbss                                    farbss       000000
__Hfardata                                   fardata      000000
__Hheap                                      heap         000000
__Hibigdata                                  ibigdata     000000
__Hidata                                     idata        000000
__HidataCOMRAM                               idataCOMRAM  000000
__Hidloc                                     idloc        000000
__Hifardata                                  ifardata     000000
__Hinit                                      init         000042
__Hintcode                                   intcode      00000E
__Hintcode_body                              intcode_body 000000
__Hintcodelo                                 intcodelo    00003E
__Hintentry                                  intentry     000000
__Hintret                                    intret       000000
__Hintsave_regs                              intsave_regs 000000
__Hirdata                                    irdata       000000
__Hmediumconst                               mediumconst  000000
__HnvFARRAM                                  nvFARRAM     000000
__Hnvbit                                     nvbit        000000
__Hnvrram                                    nvrram       000000
__Hparam                                     rparam       000000
__Hpowerup                                   powerup      00003E
__Hram                                       ram          000000
__Hramtop                                    ramtop       001000
__Hrbit                                      rbit         000000
__Hrbss                                      rbss         000000
__Hrdata                                     rdata        000000
__Hreset_vec                                 reset_vec    000004
__Hrparam                                    rparam       000000
__Hsfr                                       sfr          000000
__Hsmallconst                                smallconst   001012
__Hspace_0                                   (abs)        001936
__Hspace_1                                   (abs)        000082
__Hspace_2                                   (abs)        000000
__Hspace_4                                   (abs)        60000E
__Hstack                                     stack        000000
__Hstruct                                    struct       000000
__Htemp                                      temp         00007E
__Htext                                      text         000000
__Htext0                                     text0        000000
__Htext1                                     text1        000000
__Htext10                                    text10       000000
__Htext11                                    text11       000000
__Htext12                                    text12       000000
__Htext13                                    text13       000000
__Htext14                                    text14       000000
__Htext15                                    text15       000000
__Htext16                                    text16       000000
__Htext17                                    text17       000000
__Htext2                                     text2        000000
__Htext3                                     text3        000000
__Htext4                                     text4        000000
__Htext5                                     text5        000000
__Htext6                                     text6        000000
__Htext7                                     text7        000000
__Htext8                                     text8        000000
__Htext9                                     text9        000000
__LRAM                                       (abs)        000001
__L__absolute__                              __absolute__ 000000
__Labs1                                      abs1         000000
__Lbank0                                     bank0        000000
__Lbank1                                     bank1        000000
__Lbank10                                    bank10       000000
__Lbank11                                    bank11       000000
__Lbank12                                    bank12       000000
__Lbank13                                    bank13       000000
__Lbank14                                    bank14       000000
__Lbank15                                    bank15       000000
__Lbank2                                     bank2        000000
__Lbank3                                     bank3        000000
__Lbank4                                     bank4        000000
__Lbank5                                     bank5        000000
__Lbank6                                     bank6        000000
__Lbank7                                     bank7        000000
__Lbank8                                     bank8        000000
__Lbank9                                     bank9        000000
__Lbigbss                                    bigbss       000000
__Lbigdata                                   bigdata      000000
__Lbigram                                    bigram       000000
__Lbigsfr                                    bigsfr       000000
__Lbss                                       bss          000000
__LbssCOMRAM                                 bssCOMRAM    000000
__Lcinit                                     cinit        000000
__Lclrtext                                   clrtext      000000
__Lcomram                                    comram       000000
__Lconfig                                    config       000000
__Lconst                                     const        000000
__LcstackBANK0                               cstackBANK0  000000
__LcstackCOMRAM                              cstackCOMRAM 000000
__Ldata                                      data         000000
__LdataCOMRAM                                dataCOMRAM   000000
__Leeprom_data                               eeprom_data  000000
__Lfarbss                                    farbss       000000
__Lfardata                                   fardata      000000
__Lheap                                      heap         000000
__Libigdata                                  ibigdata     000000
__Lidata                                     idata        000000
__LidataCOMRAM                               idataCOMRAM  000000
__Lidloc                                     idloc        000000
__Lifardata                                  ifardata     000000
__Linit                                      init         00003E
__Lintcode                                   intcode      000008
__Lintcode_body                              intcode_body 000000
__Lintcodelo                                 intcodelo    000018
__Lintentry                                  intentry     000000
__Lintret                                    intret       000000
__Lintsave_regs                              intsave_regs 000000
__Lirdata                                    irdata       000000
__Lmediumconst                               mediumconst  000000
__LnvFARRAM                                  nvFARRAM     000000
__Lnvbit                                     nvbit        000000
__Lnvrram                                    nvrram       000000
__Lparam                                     rparam       000000
__Lpowerup                                   powerup      00003E
__Lram                                       ram          000000
__Lramtop                                    ramtop       001000
__Lrbit                                      rbit         000000
__Lrbss                                      rbss         000000
__Lrdata                                     rdata        000000
__Lreset_vec                                 reset_vec    000000
__Lrparam                                    rparam       000000
__Lsfr                                       sfr          000000
__Lsmallconst                                smallconst   001000
__Lspace_0                                   (abs)        000000
__Lspace_1                                   (abs)        000000
__Lspace_2                                   (abs)        000000
__Lspace_4                                   (abs)        000000
__Lstack                                     stack        000000
__Lstruct                                    struct       000000
__Ltemp                                      temp         00007D
__Ltext                                      text         000000
__Ltext0                                     text0        000000
__Ltext1                                     text1        000000
__Ltext10                                    text10       000000
__Ltext11                                    text11       000000
__Ltext12                                    text12       000000
__Ltext13                                    text13       000000
__Ltext14                                    text14       000000
__Ltext15                                    text15       000000
__Ltext16                                    text16       000000
__Ltext17                                    text17       000000
__Ltext2                                     text2        000000
__Ltext3                                     text3        000000
__Ltext4                                     text4        000000
__Ltext5                                     text5        000000
__Ltext6                                     text6        000000
__Ltext7                                     text7        000000
__Ltext8                                     text8        000000
__Ltext9                                     text9        000000
__S0                                         (abs)        001936
__S1                                         (abs)        000082
__S4                                         (abs)        000000
__S5                                         (abs)        000000
___heap_hi                                   (abs)        000000
___heap_lo                                   (abs)        000000
___inthi_sp                                  stack        000000
___inthi_stack_hi                            stack        000000
___inthi_stack_lo                            stack        000000
___intlo_sp                                  stack        000000
___intlo_stack_hi                            stack        000000
___intlo_stack_lo                            stack        000000
___param_bank                                (abs)        000000
___rparam_used                               (abs)        000001
___sp                                        stack        000000
___stack_hi                                  stack        000000
___stack_lo                                  stack        000000
__accesstop                                  (abs)        000080
__activetblptr                               (abs)        000003
__end_of_INT0_SetInterruptHandler            text10       0018C4
__end_of_INT1_SetInterruptHandler            text9        00189A
__end_of_INT2_SetInterruptHandler            text8        001870
__end_of_InterruptMangerHigh                 intcode_body 001912
__end_of_InterruptMangerLow                  intcodelo    00003E
__end_of_Interrupt_INTx_Clear_Flag           text17       001724
__end_of_Interrupt_INTx_Disable              text16       0016B2
__end_of_Interrupt_INTx_Edge_Init            text15       001254
__end_of_Interrupt_INTx_Enable               text14       001454
__end_of_Interrupt_INTx_Init                 text6        001786
__end_of_Interrupt_INTx_Pin_Init             text12       0018EC
__end_of_Interrupt_INTx_Priority_Init        text11       001528
__end_of_Interrupt_INTx_SetInterruptHandler  text7        0015CA
__end_of__initialization                     cinit        001810
__end_of_application_intialize               text4        001934
__end_of_btn_value                           smallconst   001011
__end_of_ecu_layer_intialize                 text5        001936
__end_of_gpio_pin_direction_intialize        text13       001138
__end_of_gpio_pin_intialize                  text2        0017E4
__end_of_gpio_pin_write_logic                text3        001364
__end_of_led_initialize                      text1        001640
__end_of_main                                text0        00192E
__initialization                             cinit        0017E4
__mediumconst                                mediumconst  000000
__pbssCOMRAM                                 bssCOMRAM    000001
__pcinit                                     cinit        0017E4
__pcstackBANK0                               cstackBANK0  000080
__pcstackCOMRAM                              cstackCOMRAM 00006E
__pdataCOMRAM                                dataCOMRAM   000043
__pidataCOMRAM                               idataCOMRAM  00181A
__pintcode                                   intcode      000008
__pintcode_body                              intcode_body 0018EC
__pintcodelo                                 intcodelo    000018
__psmallconst                                smallconst   001000
__ptext0                                     text0        001912
__ptext1                                     text1        0015CA
__ptext10                                    text10       00189A
__ptext11                                    text11       001454
__ptext12                                    text12       0018C4
__ptext13                                    text13       001012
__ptext14                                    text14       001364
__ptext15                                    text15       001138
__ptext16                                    text16       001640
__ptext17                                    text17       0016B2
__ptext2                                     text2        001786
__ptext3                                     text3        001254
__ptext4                                     text4        00192E
__ptext5                                     text5        001934
__ptext6                                     text6        001724
__ptext7                                     text7        001528
__ptext8                                     text8        001846
__ptext9                                     text9        001870
__ramtop                                     ramtop       001000
__smallconst                                 smallconst   001000
_application_intialize                       text4        00192E
_btn_value                                   smallconst   001001
_ecu_layer_intialize                         text5        001934
_gpio_pin_direction_intialize                text13       001012
_gpio_pin_intialize                          text2        001786
_gpio_pin_write_logic                        text3        001254
_int0_obj                                    dataCOMRAM   000067
_lat_registers                               dataCOMRAM   00004D
_led1                                        dataCOMRAM   00006D
_led2                                        dataCOMRAM   000066
_led3                                        dataCOMRAM   000065
_led_initialize                              text1        0015CA
_main                                        text0        001912
_port_registers                              dataCOMRAM   000043
_timer0_preload                              bssCOMRAM    000019
_timer1_preload                              bssCOMRAM    000015
_timer2_preload                              bssCOMRAM    000039
_timer3_preload                              bssCOMRAM    00000F
_tris_registers                              dataCOMRAM   000057
btemp                                        temp         00007D
end_of_initialization                        cinit        001810
gpio_pin_direction_intialize@_pin_config     cstackCOMRAM 000070
gpio_pin_direction_intialize@ret             cstackCOMRAM 000076
gpio_pin_intialize@_pin_config               cstackCOMRAM 000078
gpio_pin_intialize@ret                       cstackCOMRAM 00007A
gpio_pin_write_logic@_pin_config             cstackCOMRAM 000070
gpio_pin_write_logic@logic                   cstackCOMRAM 000071
gpio_pin_write_logic@ret                     cstackCOMRAM 000077
int$flags                                    temp         00007D
int_func                                     intcode_body 0018EC
intlevel0                                    text         000000
intlevel1                                    text         000000
intlevel2                                    text         000000
intlevel3                                    text         000000
isa$std                                      (abs)        000001
isa$xinst                                    (abs)        000000
led_initialize@F3058                         bssCOMRAM    000040
led_initialize@led                           cstackCOMRAM 00007B
led_initialize@pin_obj                       cstackBANK0  000081
led_initialize@ret                           cstackBANK0  000080
led_turn_off@F3068                           bssCOMRAM    00003E
led_turn_on@F3063                            bssCOMRAM    00003F
led_turn_toggle@F3073                        bssCOMRAM    00003D
relay_initialize@F3052                       bssCOMRAM    00003C
relay_turn_off@F3062                         bssCOMRAM    00003A
relay_turn_on@F3057                          bssCOMRAM    00003B
stackhi                                      (abs)        000000
stacklo                                      (abs)        000000
start                                        init         00003E
start_initialization                         cinit        0017E4
ttemp5                                       temp         00007E
ttemp6                                       temp         000081
ttemp7                                       temp         000085
wtemp8                                       temp         00007E


MODULE INFORMATION

Module		Function		Class		Link	Load	Size
shared
		_btn_value     		SMALLCONST     	1001	0000	16
		__initialization		CODE           	17E4	0000	44

shared estimated size: 60

MCAL_Layer/Interrupt/mcal_external_interrupt.c
		_INT0_SetInterruptHandler		CODE           	189A	0000	42
		_Interrupt_INTx_Clear_Flag		CODE           	16B2	0000	114
		_Interrupt_INTx_SetInterruptHandler		CODE           	1528	0000	162
		_INT1_SetInterruptHandler		CODE           	1870	0000	42
		_Interrupt_INTx_Enable		CODE           	1364	0000	240
		_INT2_SetInterruptHandler		CODE           	1846	0000	42
		_Interrupt_INTx_Priority_Init		CODE           	1454	0000	212
		_Interrupt_INTx_Edge_Init		CODE           	1138	0000	284
		_Interrupt_INTx_Init		CODE           	1724	0000	98
		_Interrupt_INTx_Disable		CODE           	1640	0000	114
		_Interrupt_INTx_Pin_Init		CODE           	18C4	0000	40

MCAL_Layer/Interrupt/mcal_external_interrupt.c estimated size: 1390

MCAL_Layer/Interrupt/mcal_interrupt_manager.c
		_InterruptMangerLow		CODE           	0018	0000	38
		_InterruptMangerHigh		CODE           	0008	0000	44

MCAL_Layer/Interrupt/mcal_interrupt_manager.c estimated size: 82

MCAL_Layer/GPIO/hal_gpio.c
		_gpio_pin_write_logic		CODE           	1254	0000	272
		_gpio_pin_intialize		CODE           	1786	0000	94
		_gpio_pin_direction_intialize		CODE           	1012	0000	294

MCAL_Layer/GPIO/hal_gpio.c estimated size: 660

ECU_Layer/LED/ecu_led.c
		_led_initialize		CODE           	15CA	0000	118

ECU_Layer/LED/ecu_led.c estimated size: 118

ECU_Layer/ecu_layer_init.c
		_ecu_layer_intialize		CODE           	1934	0000	2

ECU_Layer/ecu_layer_init.c estimated size: 2

main.c
		_main          		CODE           	1912	0000	28
		_application_intialize		CODE           	192E	0000	6

main.c estimated size: 34

